// Typelizer digest fd9833ed4d30d052cff4f60e74676f9d
//
// DO NOT MODIFY: This file was automatically generated by Typelizer.

type AlbaMetaData = {
  username: string;
  full_name: string | null;
  address: {city: string, zipcode: string};
}

type AlbaMeta = {
  meta: AlbaMetaData;
  metadata: {foo: 'bar'};
}

export default AlbaMeta;
