// Typelizer digest 836cb3e2664cd149f8246f339b40ed66
//
// DO NOT MODIFY: This file was automatically generated by Typelizer.
import type {AlbaUser} from '@/types'

type AlbaInheritedExtendedUser = AlbaUser & {
  full_name: string;
}

export default AlbaInheritedExtendedUser;
