// Typelizer digest 3c3acd1390157d9666f0f2be46bfcb1c
//
// DO NOT MODIFY: This file was automatically generated by Typelizer.

type AlbaPoro = {
  foo: unknown;
  bar: string | null;
}

export default AlbaPoro;
