// Typelizer digest 6bd2fe5f53a3f27d60aec7d164108956
//
// DO NOT MODIFY: This file was automatically generated by Typelizer.

type AlbaOptionalKey = {
  /** Unique identifier */
  id: string;
  firstName: string;
  lastName?: string;
}

export default AlbaOptionalKey;
