// Typelizer digest 4387ed2156b17d770db0059cae5d7a38
//
// DO NOT MODIFY: This file was automatically generated by Typelizer.

type AlbaInline = {
  /** Unique identifier */
  id: string;
  username: string;
  active: boolean;
  untyped_posts: Array<{
    id: unknown;
    title: unknown;
  }>;
  posts: Array<{
    id: number;
    title: string;
  }>;
  deep_posts: Array<{
    id: number;
    title: string | null;
    user: {
      id: number;
      username: string;
    };
  }>;
}

export default AlbaInline;
