// Typelizer digest 2a963082b278d4edf62085a22140308f
//
// DO NOT MODIFY: This file was automatically generated by Typelizer.

type AlbaVerbatimModuleSyntax = {
  /** Unique identifier */
  id: string;
  username: string;
}

export type { AlbaVerbatimModuleSyntax };
