// Typelizer digest 25d43603864687a55f5a2ece2a6aa228
//
// DO NOT MODIFY: This file was automatically generated by Typelizer.

type AlbaMetaNil = {
  /** Unique identifier */
  id: string;
}

export default AlbaMetaNil;
