// Typelizer digest 322f905635d97c627d41840b3decacd5
//
// DO NOT MODIFY: This file was automatically generated by Typelizer.
import type {AlbaPost, AlbaUser} from '@/types'

type AlbaInheritedTransformKeysUser = Omit<AlbaUser, 'sir_name' | 'latest_post' | 'custom_key_posts' | 'first_name'> & {
  /** This is sir name from the name */
  sirName: string;
  latestPost: AlbaPost | null;
  customKeyPosts: Array<AlbaPost>;
  firstName: string;
}

export default AlbaInheritedTransformKeysUser;
