// Typelizer digest f32f5122a1999bca2f1be94275248909
//
// DO NOT MODIFY: This file was automatically generated by Typelizer.
import type {AlbaPost} from '@/types'

type AlbaUser = {
  /** Unique identifier */
  id: string | null;
  username: string;
  active: boolean;
  invitor: AlbaUser;
  posts: Array<AlbaPost>;
  latest_post: AlbaPost;
}

export default AlbaUser;
