// Typelizer digest 815ea7029b37d1acc0f9ee9495a4716e
//
// DO NOT MODIFY: This file was automatically generated by Typelizer.
import type {AlbaUser} from '@/types'

type AlbaInheritedEmptyUser = AlbaUser
export default AlbaInheritedEmptyUser;
