// Typelizer digest 77629f37e1ea62ead8938a568728327f
//
// DO NOT MODIFY: This file was automatically generated by Typelizer.
import type {Alba::PostWithSelectSerializerUserSelect, Alba::PostWithSelectSerializerAuthorSelect, AlbaPost, Alba::PostWithSelectSerializerRelated_postsSelect} from '@/types'

type AlbaPostWithSelect = {
  id: unknown;
  title: unknown;
  content: unknown;
  user: Alba::PostWithSelectSerializerUserSelect;
  author: Alba::PostWithSelectSerializerAuthorSelect;
  latest_post: AlbaPost;
  related_posts: Array<Alba::PostWithSelectSerializerRelated_postsSelect>;
}

export default AlbaPostWithSelect;
