// Typelizer digest 9b48b7a2e352cf6e892d9cd49fcdd9c2
//
// DO NOT MODIFY: This file was automatically generated by Typelizer.
import type {AlbaInheritedExtendedUser} from '@/types'

type AlbaInheritedDeepUser = AlbaInheritedExtendedUser & {
  updated_at: string;
}

export default AlbaInheritedDeepUser;
