// Typelizer digest 17f7142c0d5a26d58694d5f93f6023fb
//
// DO NOT MODIFY: This file was automatically generated by Typelizer.
import type {AlbaUser, AlbaPost} from '@/types'

type AlbaTransformKeys = {
  /** Unique identifier */
  id: string | null;
  username: string;
  active: boolean;
  name: string;
  /** This is sir name from the name */
  sirName: string;
  invitor: AlbaUser;
  posts: Array<AlbaPost>;
  latestPost: AlbaPost;
  firstName: string;
  createdAt: string;
}

export default AlbaTransformKeys;
