// Typelizer digest 8ff3ad01b621ef30a6f38a8ebc1c2436
//
// DO NOT MODIFY: This file was automatically generated by Typelizer.
import type {AlbaUser, AlbaPost} from '@/types'

type AlbaUserSerializerFoo = {
  /** Unique identifier */
  id?: number | null;
  username: string;
  active: boolean;
  invitor: AlbaUser;
  posts: Array<AlbaPost>;
  latest_post: AlbaPost;
  created_at: string;
}

export default AlbaUserSerializerFoo;
