// Typelizer digest 4fc740965369e2c634c796463e516372
//
// DO NOT MODIFY: This file was automatically generated by Typelizer.
import type {AlbaArUser} from '@/types'

type AlbaArPost = {
  /** Unique identifier */
  id: string;
  title?: string | null;
  user: AlbaArUser | null;
}

export default AlbaArPost;
