// Typelizer digest 017106aa3c213b472fa65d7a666ed0a6
//
// DO NOT MODIFY: This file was automatically generated by Typelizer.
import type {AlbaUser, AlbaPost} from "@/types"

type AlbaPreferDoubleQuotes = {
  /** Unique identifier */
  id: string | null;
  username: string;
  active: boolean;
  name: string;
  /** This is sir name from the name */
  sir_name: string;
  invitor: AlbaUser | null;
  posts: Array<AlbaPost>;
  latest_post: AlbaPost | null;
  first_name: string;
}

export default AlbaPreferDoubleQuotes;
