// Typelizer digest 9adaafd55ec59c557abd9aba4a9f04de
//
// DO NOT MODIFY: This file was automatically generated by Typelizer.

type AlbaAttributesApi = {
  /** Unique identifier */
  id: string;
  attr_string: string;
  attr_integer: number;
  attr_float: number;
  attr_boolean: boolean;
  attr_datetime: string;
  attr_date: string;
  attr_time: string;
  attr_json: unknown;
  attr_array: Array<string>;
  attr_range: Array<number>;
}

export default AlbaAttributesApi;
