// Typelizer digest ca9217fd14005db40f9eeae0dde33c05
//
// DO NOT MODIFY: This file was automatically generated by Typelizer.
import type {AlbaInheritedRootUser} from '@/types'

type AlbaInheritedNestedRootUserData = AlbaInheritedRootUser['root_user'] & {
  updated_at: string;
}

type AlbaInheritedNestedRootUser = {
  nested_root_user: AlbaInheritedNestedRootUserData;
}

export default AlbaInheritedNestedRootUser;
