// Typelizer digest 19208f72cf7116e4d31eece3db7ebfcf
//
// DO NOT MODIFY: This file was automatically generated by Typelizer.
import type {AlbaArPost} from '@/types'

type AlbaArUser = {
  /** Unique identifier */
  id: string;
  username: string;
  invitor: AlbaArUser | null;
  posts: Array<AlbaArPost>;
  latest_post: AlbaArPost;
}

export default AlbaArUser;
