// Typelizer digest 64321c41872e3c56d8f834786b650ed4
//
// DO NOT MODIFY: This file was automatically generated by Typelizer.
import type {AmsUser} from '@/types'

type AmsInheritedEmptyUser = AmsUser
export default AmsInheritedEmptyUser;
