// Typelizer digest 7e81d4146ace24377e931eafa373c928
//
// DO NOT MODIFY: This file was automatically generated by Typelizer.
import type {AmsInheritedExtendedUser} from '@/types'

type AmsInheritedDeepUser = AmsInheritedExtendedUser & {
  updated_at: string;
}

export default AmsInheritedDeepUser;
