// Typelizer digest 73161c24a4d3936ef276f6759ee38e87
//
// DO NOT MODIFY: This file was automatically generated by Typelizer.
import type {AmsUser} from '@/types'

type AmsInheritedExtendedUser = AmsUser & {
  full_name: string;
}

export default AmsInheritedExtendedUser;
