// Typelizer digest 175e0128f2ff31a838f1086c74a0e4bb
//
// DO NOT MODIFY: This file was automatically generated by Typelizer.
import type {AmsUser} from '@/types'

type AmsInheritedTransformKeysUser = AmsUser & {
  createdAt: string;
}

export default AmsInheritedTransformKeysUser;
