// Typelizer digest 689271cce66b78a6092df4ba2d1fa478
//
// DO NOT MODIFY: This file was automatically generated by Typelizer.
import type {AmsUser, AmsPost} from "@/types"

type AmsPreferDoubleQuotes = {
  /** Unique identifier */
  id: string | null;
  username: string;
  active: boolean;
  name: string;
  first_name: string;
  invitor: AmsUser | null;
  posts: Array<AmsPost>;
}

export default AmsPreferDoubleQuotes;
