// Typelizer digest 6b3157b1afb8bd20ec259745483e6069
//
// DO NOT MODIFY: This file was automatically generated by Typelizer.
import type {AmsPost} from '@/types'

type AmsUserAuthor = {
  id: number;
  /** Author login handle */
  username: string | null;
  avatar: unknown;
  typed_avatar: string | null;
  posts?: Array<AmsPost>;
}

export default AmsUserAuthor;
