// Typelizer digest 84108fe00759a43c9279d9440b177111
//
// DO NOT MODIFY: This file was automatically generated by Typelizer.
import type {AmsPost} from '@/types'

type AmsUser = {
  /** Unique identifier */
  id: string | null;
  username: string;
  active: boolean;
  invitor: AmsUser;
  posts: Array<AmsPost>;
}

export default AmsUser;
