// Typelizer digest 9fbbbdad00b20040b0a8080f124102e0
//
// DO NOT MODIFY: This file was automatically generated by Typelizer.
import type {AmsUser, AmsPost} from '@/types'

type AmsUserSerializerFoo = {
  /** Unique identifier */
  id?: number | null;
  username: string;
  active: boolean;
  created_at: string;
  invitor: AmsUser;
  posts: Array<AmsPost>;
}

export default AmsUserSerializerFoo;
