// Typelizer digest ed83c27665231e5da7eddd7c9f18a293
//
// DO NOT MODIFY: This file was automatically generated by Typelizer.

type AmsVerbatimModuleSyntax = {
  /** Unique identifier */
  id: string;
  username: string;
}

export type { AmsVerbatimModuleSyntax };
