// Typelizer digest 2ebe03be885472fb7f96144781d418f1
//
// DO NOT MODIFY: This file was automatically generated by Typelizer.
import type {OjSerializersPost} from '@/types'

type OjSerializersUserEmptyNested = {
  id: number;
  /** Author login handle */
  username: string | null;
  posts?: Array<OjSerializersPost>;
  avatar: unknown;
  typed_avatar: string | null;
}

export default OjSerializersUserEmptyNested;
