// Typelizer digest 9cd6196d38c0f63888098e817649c005
//
// DO NOT MODIFY: This file was automatically generated by Typelizer.
import type {OjSerializersArPost} from '@/types'

type OjSerializersArUser = {
  /** Unique identifier */
  id: string;
  username: string;
  invitor: OjSerializersArUser | null;
  posts: Array<OjSerializersArPost>;
  latest_post: OjSerializersArPost;
}

export default OjSerializersArUser;
