// Typelizer digest e3e6693b0c30c604f4515ba8c8555353
//
// DO NOT MODIFY: This file was automatically generated by Typelizer.
import type {OjSerializersInheritedExtendedUser} from '@/types'

type OjSerializersInheritedDeepUser = OjSerializersInheritedExtendedUser & {
  updated_at: string;
}

export default OjSerializersInheritedDeepUser;
