// Typelizer digest c1d5d9847711b51c5baf4ca873eb5a44
//
// DO NOT MODIFY: This file was automatically generated by Typelizer.
import type {OjSerializersUser} from '@/types'

type OjSerializersInheritedEmptyUser = OjSerializersUser
export default OjSerializersInheritedEmptyUser;
