// Typelizer digest 50dce7dd3a8bd9678cdb247ef8dae829
//
// DO NOT MODIFY: This file was automatically generated by Typelizer.
import type {OjSerializersUser, OjSerializersPost} from '@/types'

type OjSerializersUserSerializerFoo = {
  id: number;
  username: string;
  active: boolean;
  invitor: OjSerializersUser;
  posts: Array<OjSerializersPost>;
  created_at: string;
}

export default OjSerializersUserSerializerFoo;
