// Typelizer digest 6395b48daf28e8585e1bac96f227a242
//
// DO NOT MODIFY: This file was automatically generated by Typelizer.
import type {OjSerializersUser, OjSerializersPost} from '@/types'

type OjSerializersTransformKeys = {
  id: number;
  username: string;
  active: boolean;
  invitor: OjSerializersUser;
  posts: Array<OjSerializersPost>;
  createdAt: string;
}

export default OjSerializersTransformKeys;
