// Typelizer digest c46e60ae0b7a50f2dc735ce8f4edb03f
//
// DO NOT MODIFY: This file was automatically generated by Typelizer.
import type {OjSerializersUser} from '@/types'

type OjSerializersPost = {
  id: number;
  title?: string | null;
  category?: "news" | "article" | "blog" | null;
  body?: string | null;
  published_at?: string | null;
  user: OjSerializersUser;
  /** @deprecated Use 'title' instead. */
  name: string;
}

export default OjSerializersPost;
