// Typelizer digest 8bde7778ea00cb0d0c8fa59ddc034c6b
//
// DO NOT MODIFY: This file was automatically generated by Typelizer.
import type {OjSerializersArUser} from '@/types'

type OjSerializersArPost = {
  /** Unique identifier */
  id: string;
  title?: string | null;
  user: OjSerializersArUser | null;
}

export default OjSerializersArPost;
