// Typelizer digest 4f44b26c2565dc07f7cbee6fdfd68176
//
// DO NOT MODIFY: This file was automatically generated by Typelizer.
import type {OjSerializersUser} from '@/types'

type OjSerializersInheritedTransformKeysUser = Omit<OjSerializersUser, 'first_name'> & {
  firstName: string;
}

export default OjSerializersInheritedTransformKeysUser;
