// Typelizer digest 19fb42198dcc43526838631805dd34d2
//
// DO NOT MODIFY: This file was automatically generated by Typelizer.
import type {OjSerializersUser} from '@/types'

type OjSerializersInheritedExtendedUser = OjSerializersUser & {
  full_name: string;
}

export default OjSerializersInheritedExtendedUser;
