// Typelizer digest 2689962b69c40e6023a3160604c43938
//
// DO NOT MODIFY: This file was automatically generated by Typelizer.
import type {OjSerializersUser} from '@/types'

type OjSerializersInheritedCustomTypeUser = Omit<OjSerializersUser, 'id'> & {
  id?: number;
}

export default OjSerializersInheritedCustomTypeUser;
