// Typelizer digest c0f49e6c7ece40d4d23624555e33da67
//
// DO NOT MODIFY: This file was automatically generated by Typelizer.

type OjSerializersVerbatimModuleSyntax = {
  id: number;
  username: string;
}

export type { OjSerializersVerbatimModuleSyntax };
