// Typelizer digest 2e8155d4d55f801501b2e0a7a0456d07
//
// DO NOT MODIFY: This file was automatically generated by Typelizer.
import type {PankoPost, PankoUser} from "@/types"

type PankoPreferDoubleQuotes = {
  /** Unique identifier */
  id: string | null;
  username: string;
  active: boolean;
  name: string;
  first_name: string;
  posts: Array<PankoPost>;
  invitor: PankoUser | null;
  latest_post: PankoPost | null;
}

export default PankoPreferDoubleQuotes;
