// Typelizer digest 60ba7e7ef8f900858624b0a80ad12240
//
// DO NOT MODIFY: This file was automatically generated by Typelizer.
import type {PankoArPost} from '@/types'

type PankoArUser = {
  /** Unique identifier */
  id: string;
  username: string;
  posts: Array<PankoArPost>;
  invitor: PankoArUser | null;
  latest_post: PankoArPost;
}

export default PankoArUser;
