// Typelizer digest 148a7e4ca111f45e37ce8e43f4c0eed8
//
// DO NOT MODIFY: This file was automatically generated by Typelizer.
import type {PankoUser} from '@/types'

type PankoInheritedCustomTypeUser = Omit<PankoUser, 'id'> & {
  /** Unique identifier */
  id?: number | null;
}

export default PankoInheritedCustomTypeUser;
