// Typelizer digest 0e88d05864b985105504ebc1aadb8bca
//
// DO NOT MODIFY: This file was automatically generated by Typelizer.
import type {PankoUser} from '@/types'

type PankoInheritedEmptyUser = PankoUser
export default PankoInheritedEmptyUser;
