// Typelizer digest 9904dcead8b6fd32c6b50e6b4480826a
//
// DO NOT MODIFY: This file was automatically generated by Typelizer.
import type {PankoPost} from '@/types'

type PankoUser = {
  /** Unique identifier */
  id: string | null;
  username: string;
  active: boolean;
  name: string;
  first_name: string;
  posts: Array<PankoPost>;
  invitor: PankoUser;
}

export default PankoUser;
