// Typelizer digest b882e08c3f8828b1b51d43f3cba57d47
//
// DO NOT MODIFY: This file was automatically generated by Typelizer.
import type {PankoUser} from '@/types'

type PankoInheritedExtendedUser = PankoUser & {
  full_name: string;
}

export default PankoInheritedExtendedUser;
