// Typelizer digest 38ece3b6e4814b4e1a2216a744744ea0
//
// DO NOT MODIFY: This file was automatically generated by Typelizer.

type PankoVerbatimModuleSyntax = {
  /** Unique identifier */
  id: string;
  username: string;
}

export type { PankoVerbatimModuleSyntax };
