// Typelizer digest 57e40f780198060a83767b644812bb2d
//
// DO NOT MODIFY: This file was automatically generated by Typelizer.
import type {PankoInheritedExtendedUser} from '@/types'

type PankoInheritedDeepUser = PankoInheritedExtendedUser & {
  updated_at: string;
}

export default PankoInheritedDeepUser;
