// Typelizer digest fa6b902e904d31f5da7ceafaefa8f644
//
// DO NOT MODIFY: This file was automatically generated by Typelizer.
import type {PankoPost} from '@/types'

type PankoUserAuthor = {
  /** Unique identifier */
  id: string;
  /** Author login handle */
  username: string | null;
  avatar: unknown;
  typed_avatar: string | null;
  posts: Array<PankoPost>;
}

export default PankoUserAuthor;
